---
source: crates/plexuspact-contract/tests/error_snapshots.rs
expression: "render(\"apiVersion: v1\\ndataset: t\\ncolumns:\\n  email: { type: string, checks: [{ format: emial }] }\\n\")"
---
plexuspact::contract::parse

  × unknown format `emial` — did you mean `email`? (known formats: email,
  │ uuid, iso_date, iso_datetime, url, country_code_iso2) (at
  │ `columns.email.checks[0]`)
   ╭─[contract.yaml:4:35]
 3 │ columns:
 4 │   email: { type: string, checks: [{ format: emial }] }
   ·                                   ┬
   ·                                   ╰── invalid check
   ╰────
